INFO ESPHome 2026.4.5
INFO Reading configuration dualeye.yaml...
INFO Detected timezone 'Europe/London'
WARNING GPIO46 is a strapping PIN and should only be used for I/O with care.
Attaching external pullup/down resistors to strapping pins can cause unexpected failures.
See https://esphome.io/guides/faq/#why-am-i-getting-a-warning-about-strapping-pins
WARNING GPIO45 is a strapping PIN and should only be used for I/O with care.
Attaching external pullup/down resistors to strapping pins can cause unexpected failures.
See https://esphome.io/guides/faq/#why-am-i-getting-a-warning-about-strapping-pins
WARNING GPIO45 is a strapping PIN and should only be used for I/O with care.
Attaching external pullup/down resistors to strapping pins can cause unexpected failures.
See https://esphome.io/guides/faq/#why-am-i-getting-a-warning-about-strapping-pins
WARNING GPIO0 is a strapping PIN and should only be used for I/O with care.
Attaching external pullup/down resistors to strapping pins can cause unexpected failures.
See https://esphome.io/guides/faq/#why-am-i-getting-a-warning-about-strapping-pins
INFO Starting log output from 192.168.0.213 using esphome API
INFO Successfully resolved dualeye @ 192.168.0.213 in 0.000s
INFO Successfully connected to dualeye @ 192.168.0.213 in 0.028s
INFO Successful handshake with dualeye @ 192.168.0.213 in 0.711s
[22:02:41.470][I][app:154]: ESPHome version 2026.4.5 compiled on 2026-07-16 21:52:35 +0100
[22:02:41.470][I][app:161]: ESP32 Chip: ESP32-S3 rev0.2, 2 core(s)
[22:02:41.692][W][micro_wake_word:257]: Not enough free bytes in ring buffer to store incoming audio data. Resetting the ring buffer. Wake word detection accuracy will temporarily be reduced.
[22:02:41.981][W][micro_wake_word:257]: Not enough free bytes in ring buffer to store incoming audio data. Resetting the ring buffer. Wake word detection accuracy will temporarily be reduced.
[22:02:42.271][W][micro_wake_word:257]: Not enough free bytes in ring buffer to store incoming audio data. Resetting the ring buffer. Wake word detection accuracy will temporarily be reduced.
[22:02:42.552][W][micro_wake_word:257]: Not enough free bytes in ring buffer to store incoming audio data. Resetting the ring buffer. Wake word detection accuracy will temporarily be reduced.
[22:02:42.835][W][micro_wake_word:257]: Not enough free bytes in ring buffer to store incoming audio data. Resetting the ring buffer. Wake word detection accuracy will temporarily be reduced.
[22:02:43.125][W][micro_wake_word:257]: Not enough free bytes in ring buffer to store incoming audio data. Resetting the ring buffer. Wake word detection accuracy will temporarily be reduced.
[22:02:43.411][W][micro_wake_word:257]: Not enough free bytes in ring buffer to store incoming audio data. Resetting the ring buffer. Wake word detection accuracy will temporarily be reduced.
[22:02:43.716][W][micro_wake_word:257]: Not enough free bytes in ring buffer to store incoming audio data. Resetting the ring buffer. Wake word detection accuracy will temporarily be reduced.
[22:02:43.989][W][micro_wake_word:257]: Not enough free bytes in ring buffer to store incoming audio data. Resetting the ring buffer. Wake word detection accuracy will temporarily be reduced.
[22:02:44.280][W][micro_wake_word:257]: Not enough free bytes in ring buffer to store incoming audio data. Resetting the ring buffer. Wake word detection accuracy will temporarily be reduced.
[22:02:44.567][W][micro_wake_word:257]: Not enough free bytes in ring buffer to store incoming audio data. Resetting the ring buffer. Wake word detection accuracy will temporarily be reduced.
[22:02:44.869][W][micro_wake_word:257]: Not enough free bytes in ring buffer to store incoming audio data. Resetting the ring buffer. Wake word detection accuracy will temporarily be reduced.
[22:02:45.152][W][micro_wake_word:257]: Not enough free bytes in ring buffer to store incoming audio data. Resetting the ring buffer. Wake word detection accuracy will temporarily be reduced.
[22:02:45.436][W][micro_wake_word:257]: Not enough free bytes in ring buffer to store incoming audio data. Resetting the ring buffer. Wake word detection accuracy will temporarily be reduced.
[22:02:45.725][W][micro_wake_word:257]: Not enough free bytes in ring buffer to store incoming audio data. Resetting the ring buffer. Wake word detection accuracy will temporarily be reduced.
[22:02:46.049][W][micro_wake_word:257]: Not enough free bytes in ring buffer to store incoming audio data. Resetting the ring buffer. Wake word detection accuracy will temporarily be reduced.
[22:02:46.302][W][micro_wake_word:257]: Not enough free bytes in ring buffer to store incoming audio data. Resetting the ring buffer. Wake word detection accuracy will temporarily be reduced.
[22:02:46.557][W][micro_wake_word:257]: Not enough free bytes in ring buffer to store incoming audio data. Resetting the ring buffer. Wake word detection accuracy will temporarily be reduced.
[22:02:46.868][W][micro_wake_word:257]: Not enough free bytes in ring buffer to store incoming audio data. Resetting the ring buffer. Wake word detection accuracy will temporarily be reduced.
[22:02:47.157][W][micro_wake_word:257]: Not enough free bytes in ring buffer to store incoming audio data. Resetting the ring buffer. Wake word detection accuracy will temporarily be reduced.
[22:02:47.444][W][micro_wake_word:257]: Not enough free bytes in ring buffer to store incoming audio data. Resetting the ring buffer. Wake word detection accuracy will temporarily be reduced.
[22:02:47.735][W][micro_wake_word:257]: Not enough free bytes in ring buffer to store incoming audio data. Resetting the ring buffer. Wake word detection accuracy will temporarily be reduced.
[22:02:48.024][W][micro_wake_word:257]: Not enough free bytes in ring buffer to store incoming audio data. Resetting the ring buffer. Wake word detection accuracy will temporarily be reduced.
[22:02:48.321][W][micro_wake_word:257]: Not enough free bytes in ring buffer to store incoming audio data. Resetting the ring buffer. Wake word detection accuracy will temporarily be reduced.
[22:02:48.606][W][micro_wake_word:257]: Not enough free bytes in ring buffer to store incoming audio data. Resetting the ring buffer. Wake word detection accuracy will temporarily be reduced.
[22:02:48.901][W][micro_wake_word:257]: Not enough free bytes in ring buffer to store incoming audio data. Resetting the ring buffer. Wake word detection accuracy will temporarily be reduced.
[22:02:49.192][W][micro_wake_word:257]: Not enough free bytes in ring buffer to store incoming audio data. Resetting the ring buffer. Wake word detection accuracy will temporarily be reduced.
[22:02:49.472][W][micro_wake_word:257]: Not enough free bytes in ring buffer to store incoming audio data. Resetting the ring buffer. Wake word detection accuracy will temporarily be reduced.
[22:02:49.760][W][micro_wake_word:257]: Not enough free bytes in ring buffer to store incoming audio data. Resetting the ring buffer. Wake word detection accuracy will temporarily be reduced.
[22:02:50.055][W][micro_wake_word:257]: Not enough free bytes in ring buffer to store incoming audio data. Resetting the ring buffer. Wake word detection accuracy will temporarily be reduced.
[22:02:50.346][W][micro_wake_word:257]: Not enough free bytes in ring buffer to store incoming audio data. Resetting the ring buffer. Wake word detection accuracy will temporarily be reduced.
[22:02:50.591][W][micro_wake_word:257]: Not enough free bytes in ring buffer to store incoming audio data. Resetting the ring buffer. Wake word detection accuracy will temporarily be reduced.
[22:02:50.917][W][micro_wake_word:257]: Not enough free bytes in ring buffer to store incoming audio data. Resetting the ring buffer. Wake word detection accuracy will temporarily be reduced.
[22:02:51.197][W][micro_wake_word:257]: Not enough free bytes in ring buffer to store incoming audio data. Resetting the ring buffer. Wake word detection accuracy will temporarily be reduced.
[22:02:51.496][W][micro_wake_word:257]: Not enough free bytes in ring buffer to store incoming audio data. Resetting the ring buffer. Wake word detection accuracy will temporarily be reduced.
[22:02:51.771][W][micro_wake_word:257]: Not enough free bytes in ring buffer to store incoming audio data. Resetting the ring buffer. Wake word detection accuracy will temporarily be reduced.
[22:02:52.070][W][micro_wake_word:257]: Not enough free bytes in ring buffer to store incoming audio data. Resetting the ring buffer. Wake word detection accuracy will temporarily be reduced.
[22:02:52.409][W][micro_wake_word:257]: Not enough free bytes in ring buffer to store incoming audio data. Resetting the ring buffer. Wake word detection accuracy will temporarily be reduced.
[22:02:52.639][W][micro_wake_word:257]: Not enough free bytes in ring buffer to store incoming audio data. Resetting the ring buffer. Wake word detection accuracy will temporarily be reduced.
[22:02:52.928][W][micro_wake_word:257]: Not enough free bytes in ring buffer to store incoming audio data. Resetting the ring buffer. Wake word detection accuracy will temporarily be reduced.
[22:02:53.227][W][micro_wake_word:257]: Not enough free bytes in ring buffer to store incoming audio data. Resetting the ring buffer. Wake word detection accuracy will temporarily be reduced.
[22:02:53.504][W][micro_wake_word:257]: Not enough free bytes in ring buffer to store incoming audio data. Resetting the ring buffer. Wake word detection accuracy will temporarily be reduced.
[22:02:53.794][W][micro_wake_word:257]: Not enough free bytes in ring buffer to store incoming audio data. Resetting the ring buffer. Wake word detection accuracy will temporarily be reduced.
[22:02:54.082][W][micro_wake_word:257]: Not enough free bytes in ring buffer to store incoming audio data. Resetting the ring buffer. Wake word detection accuracy will temporarily be reduced.
[22:02:54.378][W][micro_wake_word:257]: Not enough free bytes in ring buffer to store incoming audio data. Resetting the ring buffer. Wake word detection accuracy will temporarily be reduced.
[22:02:54.626][W][micro_wake_word:257]: Not enough free bytes in ring buffer to store incoming audio data. Resetting the ring buffer. Wake word detection accuracy will temporarily be reduced.
[22:02:54.938][W][micro_wake_word:257]: Not enough free bytes in ring buffer to store incoming audio data. Resetting the ring buffer. Wake word detection accuracy will temporarily be reduced.
[22:02:55.247][W][micro_wake_word:257]: Not enough free bytes in ring buffer to store incoming audio data. Resetting the ring buffer. Wake word detection accuracy will temporarily be reduced.
[22:02:55.517][W][micro_wake_word:257]: Not enough free bytes in ring buffer to store incoming audio data. Resetting the ring buffer. Wake word detection accuracy will temporarily be reduced.
[22:02:55.806][W][micro_wake_word:257]: Not enough free bytes in ring buffer to store incoming audio data. Resetting the ring buffer. Wake word detection accuracy will temporarily be reduced.
[22:02:56.096][W][micro_wake_word:257]: Not enough free bytes in ring buffer to store incoming audio data. Resetting the ring buffer. Wake word detection accuracy will temporarily be reduced.
[22:02:56.383][W][micro_wake_word:257]: Not enough free bytes in ring buffer to store incoming audio data. Resetting the ring buffer. Wake word detection accuracy will temporarily be reduced.
[22:02:56.677][W][micro_wake_word:257]: Not enough free bytes in ring buffer to store incoming audio data. Resetting the ring buffer. Wake word detection accuracy will temporarily be reduced.
[22:02:56.966][W][micro_wake_word:257]: Not enough free bytes in ring buffer to store incoming audio data. Resetting the ring buffer. Wake word detection accuracy will temporarily be reduced.
[22:02:57.253][W][micro_wake_word:257]: Not enough free bytes in ring buffer to store incoming audio data. Resetting the ring buffer. Wake word detection accuracy will temporarily be reduced.
[22:02:57.540][W][micro_wake_word:257]: Not enough free bytes in ring buffer to store incoming audio data. Resetting the ring buffer. Wake word detection accuracy will temporarily be reduced.
[22:02:57.829][W][micro_wake_word:257]: Not enough free bytes in ring buffer to store incoming audio data. Resetting the ring buffer. Wake word detection accuracy will temporarily be reduced.
[22:02:58.118][W][micro_wake_word:257]: Not enough free bytes in ring buffer to store incoming audio data. Resetting the ring buffer. Wake word detection accuracy will temporarily be reduced.
[22:02:58.410][W][micro_wake_word:257]: Not enough free bytes in ring buffer to store incoming audio data. Resetting the ring buffer. Wake word detection accuracy will temporarily be reduced.
[22:02:58.660][W][micro_wake_word:257]: Not enough free bytes in ring buffer to store incoming audio data. Resetting the ring buffer. Wake word detection accuracy will temporarily be reduced.
[22:02:58.976][W][micro_wake_word:257]: Not enough free bytes in ring buffer to store incoming audio data. Resetting the ring buffer. Wake word detection accuracy will temporarily be reduced.
[22:02:59.263][W][micro_wake_word:257]: Not enough free bytes in ring buffer to store incoming audio data. Resetting the ring buffer. Wake word detection accuracy will temporarily be reduced.
[22:02:59.566][W][micro_wake_word:257]: Not enough free bytes in ring buffer to store incoming audio data. Resetting the ring buffer. Wake word detection accuracy will temporarily be reduced.
[22:02:59.848][W][micro_wake_word:257]: Not enough free bytes in ring buffer to store incoming audio data. Resetting the ring buffer. Wake word detection accuracy will temporarily be reduced.
[22:03:00.129][W][micro_wake_word:257]: Not enough free bytes in ring buffer to store incoming audio data. Resetting the ring buffer. Wake word detection accuracy will temporarily be reduced.
[22:03:00.426][W][micro_wake_word:257]: Not enough free bytes in ring buffer to store incoming audio data. Resetting the ring buffer. Wake word detection accuracy will temporarily be reduced.
[22:03:00.708][W][micro_wake_word:257]: Not enough free bytes in ring buffer to store incoming audio data. Resetting the ring buffer. Wake word detection accuracy will temporarily be reduced.
[22:03:01.003][W][micro_wake_word:257]: Not enough free bytes in ring buffer to store incoming audio data. Resetting the ring buffer. Wake word detection accuracy will temporarily be reduced.
[22:03:01.296][W][micro_wake_word:257]: Not enough free bytes in ring buffer to store incoming audio data. Resetting the ring buffer. Wake word detection accuracy will temporarily be reduced.
[22:03:01.580][W][micro_wake_word:257]: Not enough free bytes in ring buffer to store incoming audio data. Resetting the ring buffer. Wake word detection accuracy will temporarily be reduced.
[22:03:01.866][W][micro_wake_word:257]: Not enough free bytes in ring buffer to store incoming audio data. Resetting the ring buffer. Wake word detection accuracy will temporarily be reduced.
[22:03:02.156][W][micro_wake_word:257]: Not enough free bytes in ring buffer to store incoming audio data. Resetting the ring buffer. Wake word detection accuracy will temporarily be reduced.
[22:03:02.442][W][micro_wake_word:257]: Not enough free bytes in ring buffer to store incoming audio data. Resetting the ring buffer. Wake word detection accuracy will temporarily be reduced.
[22:03:02.703][W][micro_wake_word:257]: Not enough free bytes in ring buffer to store incoming audio data. Resetting the ring buffer. Wake word detection accuracy will temporarily be reduced.
[22:03:03.008][W][micro_wake_word:257]: Not enough free bytes in ring buffer to store incoming audio data. Resetting the ring buffer. Wake word detection accuracy will temporarily be reduced.
[22:03:03.296][W][micro_wake_word:257]: Not enough free bytes in ring buffer to store incoming audio data. Resetting the ring buffer. Wake word detection accuracy will temporarily be reduced.
[22:03:03.587][W][micro_wake_word:257]: Not enough free bytes in ring buffer to store incoming audio data. Resetting the ring buffer. Wake word detection accuracy will temporarily be reduced.
[22:03:03.916][W][micro_wake_word:257]: Not enough free bytes in ring buffer to store incoming audio data. Resetting the ring buffer. Wake word detection accuracy will temporarily be reduced.
[22:03:04.166][W][micro_wake_word:257]: Not enough free bytes in ring buffer to store incoming audio data. Resetting the ring buffer. Wake word detection accuracy will temporarily be reduced.
[22:03:04.462][W][micro_wake_word:257]: Not enough free bytes in ring buffer to store incoming audio data. Resetting the ring buffer. Wake word detection accuracy will temporarily be reduced.
[22:03:04.768][W][micro_wake_word:257]: Not enough free bytes in ring buffer to store incoming audio data. Resetting the ring buffer. Wake word detection accuracy will temporarily be reduced.
[22:03:05.032][W][micro_wake_word:257]: Not enough free bytes in ring buffer to store incoming audio data. Resetting the ring buffer. Wake word detection accuracy will temporarily be reduced.
[22:03:05.320][W][micro_wake_word:257]: Not enough free bytes in ring buffer to store incoming audio data. Resetting the ring buffer. Wake word detection accuracy will temporarily be reduced.
[22:03:05.609][W][micro_wake_word:257]: Not enough free bytes in ring buffer to store incoming audio data. Resetting the ring buffer. Wake word detection accuracy will temporarily be reduced.
[22:03:05.898][W][micro_wake_word:257]: Not enough free bytes in ring buffer to store incoming audio data. Resetting the ring buffer. Wake word detection accuracy will temporarily be reduced.
[22:03:06.196][W][micro_wake_word:257]: Not enough free bytes in ring buffer to store incoming audio data. Resetting the ring buffer. Wake word detection accuracy will temporarily be reduced.
[22:03:06.476][W][micro_wake_word:257]: Not enough free bytes in ring buffer to store incoming audio data. Resetting the ring buffer. Wake word detection accuracy will temporarily be reduced.
[22:03:06.728][W][micro_wake_word:257]: Not enough free bytes in ring buffer to store incoming audio data. Resetting the ring buffer. Wake word detection accuracy will temporarily be reduced.
[22:03:07.042][W][micro_wake_word:257]: Not enough free bytes in ring buffer to store incoming audio data. Resetting the ring buffer. Wake word detection accuracy will temporarily be reduced.
[22:03:07.333][W][micro_wake_word:257]: Not enough free bytes in ring buffer to store incoming audio data. Resetting the ring buffer. Wake word detection accuracy will temporarily be reduced.
[22:03:07.620][W][micro_wake_word:257]: Not enough free bytes in ring buffer to store incoming audio data. Resetting the ring buffer. Wake word detection accuracy will temporarily be reduced.
[22:03:07.909][W][micro_wake_word:257]: Not enough free bytes in ring buffer to store incoming audio data. Resetting the ring buffer. Wake word detection accuracy will temporarily be reduced.
[22:03:08.204][W][micro_wake_word:257]: Not enough free bytes in ring buffer to store incoming audio data. Resetting the ring buffer. Wake word detection accuracy will temporarily be reduced.
[22:03:08.487][W][micro_wake_word:257]: Not enough free bytes in ring buffer to store incoming audio data. Resetting the ring buffer. Wake word detection accuracy will temporarily be reduced.
[22:03:08.777][W][micro_wake_word:257]: Not enough free bytes in ring buffer to store incoming audio data. Resetting the ring buffer. Wake word detection accuracy will temporarily be reduced.
[22:03:09.073][W][micro_wake_word:257]: Not enough free bytes in ring buffer to store incoming audio data. Resetting the ring buffer. Wake word detection accuracy will temporarily be reduced.
[22:03:09.356][W][micro_wake_word:257]: Not enough free bytes in ring buffer to store incoming audio data. Resetting the ring buffer. Wake word detection accuracy will temporarily be reduced.
[22:03:09.644][W][micro_wake_word:257]: Not enough free bytes in ring buffer to store incoming audio data. Resetting the ring buffer. Wake word detection accuracy will temporarily be reduced.
[22:03:09.934][W][micro_wake_word:257]: Not enough free bytes in ring buffer to store incoming audio data. Resetting the ring buffer. Wake word detection accuracy will temporarily be reduced.
[22:03:10.226][W][micro_wake_word:257]: Not enough free bytes in ring buffer to store incoming audio data. Resetting the ring buffer. Wake word detection accuracy will temporarily be reduced.
[22:03:10.517][W][micro_wake_word:257]: Not enough free bytes in ring buffer to store incoming audio data. Resetting the ring buffer. Wake word detection accuracy will temporarily be reduced.
[22:03:10.761][W][micro_wake_word:257]: Not enough free bytes in ring buffer to store incoming audio data. Resetting the ring buffer. Wake word detection accuracy will temporarily be reduced.
[22:03:11.077][W][micro_wake_word:257]: Not enough free bytes in ring buffer to store incoming audio data. Resetting the ring buffer. Wake word detection accuracy will temporarily be reduced.
[22:03:11.365][W][micro_wake_word:257]: Not enough free bytes in ring buffer to store incoming audio data. Resetting the ring buffer. Wake word detection accuracy will temporarily be reduced.
[22:03:11.654][W][micro_wake_word:257]: Not enough free bytes in ring buffer to store incoming audio data. Resetting the ring buffer. Wake word detection accuracy will temporarily be reduced.
[22:03:11.944][W][micro_wake_word:257]: Not enough free bytes in ring buffer to store incoming audio data. Resetting the ring buffer. Wake word detection accuracy will temporarily be reduced.
[22:03:12.237][W][micro_wake_word:257]: Not enough free bytes in ring buffer to store incoming audio data. Resetting the ring buffer. Wake word detection accuracy will temporarily be reduced.
[22:03:12.523][W][micro_wake_word:257]: Not enough free bytes in ring buffer to store incoming audio data. Resetting the ring buffer. Wake word detection accuracy will temporarily be reduced.
[22:03:12.811][W][micro_wake_word:257]: Not enough free bytes in ring buffer to store incoming audio data. Resetting the ring buffer. Wake word detection accuracy will temporarily be reduced.
[22:03:13.100][W][micro_wake_word:257]: Not enough free bytes in ring buffer to store incoming audio data. Resetting the ring buffer. Wake word detection accuracy will temporarily be reduced.
[22:03:13.389][W][micro_wake_word:257]: Not enough free bytes in ring buffer to store incoming audio data. Resetting the ring buffer. Wake word detection accuracy will temporarily be reduced.
[22:03:13.677][W][micro_wake_word:257]: Not enough free bytes in ring buffer to store incoming audio data. Resetting the ring buffer. Wake word detection accuracy will temporarily be reduced.
[22:03:13.967][W][micro_wake_word:257]: Not enough free bytes in ring buffer to store incoming audio data. Resetting the ring buffer. Wake word detection accuracy will temporarily be reduced.
[22:03:14.256][W][micro_wake_word:257]: Not enough free bytes in ring buffer to store incoming audio data. Resetting the ring buffer. Wake word detection accuracy will temporarily be reduced.
[22:03:14.544][W][micro_wake_word:257]: Not enough free bytes in ring buffer to store incoming audio data. Resetting the ring buffer. Wake word detection accuracy will temporarily be reduced.
[22:03:14.796][W][micro_wake_word:257]: Not enough free bytes in ring buffer to store incoming audio data. Resetting the ring buffer. Wake word detection accuracy will temporarily be reduced.
[22:03:15.115][W][micro_wake_word:257]: Not enough free bytes in ring buffer to store incoming audio data. Resetting the ring buffer. Wake word detection accuracy will temporarily be reduced.
[22:03:15.400][W][micro_wake_word:257]: Not enough free bytes in ring buffer to store incoming audio data. Resetting the ring buffer. Wake word detection accuracy will temporarily be reduced.
[22:03:15.989][W][micro_wake_word:257]: Not enough free bytes in ring buffer to store incoming audio data. Resetting the ring buffer. Wake word detection accuracy will temporarily be reduced.
[22:03:16.459][W][micro_wake_word:257]: Not enough free bytes in ring buffer to store incoming audio data. Resetting the ring buffer. Wake word detection accuracy will temporarily be reduced.
[22:03:16.460][W][micro_wake_word:257]: Not enough free bytes in ring buffer to store incoming audio data. Resetting the ring buffer. Wake word detection accuracy will temporarily be reduced.
[22:03:16.592][W][micro_wake_word:257]: Not enough free bytes in ring buffer to store incoming audio data. Resetting the ring buffer. Wake word detection accuracy will temporarily be reduced.
[22:03:16.931][W][micro_wake_word:257]: Not enough free bytes in ring buffer to store incoming audio data. Resetting the ring buffer. Wake word detection accuracy will temporarily be reduced.
[22:03:17.191][W][micro_wake_word:257]: Not enough free bytes in ring buffer to store incoming audio data. Resetting the ring buffer. Wake word detection accuracy will temporarily be reduced.
[22:03:17.461][W][micro_wake_word:257]: Not enough free bytes in ring buffer to store incoming audio data. Resetting the ring buffer. Wake word detection accuracy will temporarily be reduced.
[22:03:17.738][W][micro_wake_word:257]: Not enough free bytes in ring buffer to store incoming audio data. Resetting the ring buffer. Wake word detection accuracy will temporarily be reduced.
[22:03:18.147][W][micro_wake_word:257]: Not enough free bytes in ring buffer to store incoming audio data. Resetting the ring buffer. Wake word detection accuracy will temporarily be reduced.
[22:03:18.544][W][micro_wake_word:257]: Not enough free bytes in ring buffer to store incoming audio data. Resetting the ring buffer. Wake word detection accuracy will temporarily be reduced.
[22:03:18.961][W][micro_wake_word:257]: Not enough free bytes in ring buffer to store incoming audio data. Resetting the ring buffer. Wake word detection accuracy will temporarily be reduced.
[22:03:18.961][W][micro_wake_word:257]: Not enough free bytes in ring buffer to store incoming audio data. Resetting the ring buffer. Wake word detection accuracy will temporarily be reduced.
[22:03:19.156][W][micro_wake_word:257]: Not enough free bytes in ring buffer to store incoming audio data. Resetting the ring buffer. Wake word detection accuracy will temporarily be reduced.
[22:03:19.445][W][micro_wake_word:257]: Not enough free bytes in ring buffer to store incoming audio data. Resetting the ring buffer. Wake word detection accuracy will temporarily be reduced.
[22:03:19.731][W][micro_wake_word:257]: Not enough free bytes in ring buffer to store incoming audio data. Resetting the ring buffer. Wake word detection accuracy will temporarily be reduced.
[22:03:20.018][W][micro_wake_word:257]: Not enough free bytes in ring buffer to store incoming audio data. Resetting the ring buffer. Wake word detection accuracy will temporarily be reduced.
[22:03:20.303][W][micro_wake_word:257]: Not enough free bytes in ring buffer to store incoming audio data. Resetting the ring buffer. Wake word detection accuracy will temporarily be reduced.
[22:03:20.611][W][micro_wake_word:257]: Not enough free bytes in ring buffer to store incoming audio data. Resetting the ring buffer. Wake word detection accuracy will temporarily be reduced.
[22:03:20.882][W][micro_wake_word:257]: Not enough free bytes in ring buffer to store incoming audio data. Resetting the ring buffer. Wake word detection accuracy will temporarily be reduced.
[22:03:21.183][W][micro_wake_word:257]: Not enough free bytes in ring buffer to store incoming audio data. Resetting the ring buffer. Wake word detection accuracy will temporarily be reduced.
[22:03:21.459][W][micro_wake_word:257]: Not enough free bytes in ring buffer to store incoming audio data. Resetting the ring buffer. Wake word detection accuracy will temporarily be reduced.
[22:03:21.750][W][micro_wake_word:257]: Not enough free bytes in ring buffer to store incoming audio data. Resetting the ring buffer. Wake word detection accuracy will temporarily be reduced.
[22:03:22.039][W][micro_wake_word:257]: Not enough free bytes in ring buffer to store incoming audio data. Resetting the ring buffer. Wake word detection accuracy will temporarily be reduced.
[22:03:22.328][W][micro_wake_word:257]: Not enough free bytes in ring buffer to store incoming audio data. Resetting the ring buffer. Wake word detection accuracy will temporarily be reduced.
[22:03:22.633][W][micro_wake_word:257]: Not enough free bytes in ring buffer to store incoming audio data. Resetting the ring buffer. Wake word detection accuracy will temporarily be reduced.
[22:03:22.866][W][micro_wake_word:257]: Not enough free bytes in ring buffer to store incoming audio data. Resetting the ring buffer. Wake word detection accuracy will temporarily be reduced.
[22:03:23.199][W][micro_wake_word:257]: Not enough free bytes in ring buffer to store incoming audio data. Resetting the ring buffer. Wake word detection accuracy will temporarily be reduced.
[22:03:23.470][W][micro_wake_word:257]: Not enough free bytes in ring buffer to store incoming audio data. Resetting the ring buffer. Wake word detection accuracy will temporarily be reduced.
[22:03:23.758][W][micro_wake_word:257]: Not enough free bytes in ring buffer to store incoming audio data. Resetting the ring buffer. Wake word detection accuracy will temporarily be reduced.
[22:03:24.054][W][micro_wake_word:257]: Not enough free bytes in ring buffer to store incoming audio data. Resetting the ring buffer. Wake word detection accuracy will temporarily be reduced.
[22:03:24.340][W][micro_wake_word:257]: Not enough free bytes in ring buffer to store incoming audio data. Resetting the ring buffer. Wake word detection accuracy will temporarily be reduced.
[22:03:24.628][W][micro_wake_word:257]: Not enough free bytes in ring buffer to store incoming audio data. Resetting the ring buffer. Wake word detection accuracy will temporarily be reduced.
[22:03:24.943][W][micro_wake_word:257]: Not enough free bytes in ring buffer to store incoming audio data. Resetting the ring buffer. Wake word detection accuracy will temporarily be reduced.
[22:03:25.242][W][micro_wake_word:257]: Not enough free bytes in ring buffer to store incoming audio data. Resetting the ring buffer. Wake word detection accuracy will temporarily be reduced.
[22:03:25.493][W][micro_wake_word:257]: Not enough free bytes in ring buffer to store incoming audio data. Resetting the ring buffer. Wake word detection accuracy will temporarily be reduced.
[22:03:25.782][W][micro_wake_word:257]: Not enough free bytes in ring buffer to store incoming audio data. Resetting the ring buffer. Wake word detection accuracy will temporarily be reduced.
[22:03:26.071][W][micro_wake_word:257]: Not enough free bytes in ring buffer to store incoming audio data. Resetting the ring buffer. Wake word detection accuracy will temporarily be reduced.
[22:03:26.372][W][micro_wake_word:257]: Not enough free bytes in ring buffer to store incoming audio data. Resetting the ring buffer. Wake word detection accuracy will temporarily be reduced.
[22:03:26.649][W][micro_wake_word:257]: Not enough free bytes in ring buffer to store incoming audio data. Resetting the ring buffer. Wake word detection accuracy will temporarily be reduced.
[22:03:26.905][W][micro_wake_word:257]: Not enough free bytes in ring buffer to store incoming audio data. Resetting the ring buffer. Wake word detection accuracy will temporarily be reduced.
[22:03:27.215][W][micro_wake_word:257]: Not enough free bytes in ring buffer to store incoming audio data. Resetting the ring buffer. Wake word detection accuracy will temporarily be reduced.
[22:03:27.503][W][micro_wake_word:257]: Not enough free bytes in ring buffer to store incoming audio data. Resetting the ring buffer. Wake word detection accuracy will temporarily be reduced.
[22:03:27.793][W][micro_wake_word:257]: Not enough free bytes in ring buffer to store incoming audio data. Resetting the ring buffer. Wake word detection accuracy will temporarily be reduced.
[22:03:28.087][W][micro_wake_word:257]: Not enough free bytes in ring buffer to store incoming audio data. Resetting the ring buffer. Wake word detection accuracy will temporarily be reduced.
[22:03:28.390][W][micro_wake_word:257]: Not enough free bytes in ring buffer to store incoming audio data. Resetting the ring buffer. Wake word detection accuracy will temporarily be reduced.
[22:03:28.660][W][micro_wake_word:257]: Not enough free bytes in ring buffer to store incoming audio data. Resetting the ring buffer. Wake word detection accuracy will temporarily be reduced.
[22:03:28.969][W][micro_wake_word:257]: Not enough free bytes in ring buffer to store incoming audio data. Resetting the ring buffer. Wake word detection accuracy will temporarily be reduced.
[22:03:29.244][W][micro_wake_word:257]: Not enough free bytes in ring buffer to store incoming audio data. Resetting the ring buffer. Wake word detection accuracy will temporarily be reduced.
[22:03:29.529][W][micro_wake_word:257]: Not enough free bytes in ring buffer to store incoming audio data. Resetting the ring buffer. Wake word detection accuracy will temporarily be reduced.
[22:03:29.830][W][micro_wake_word:257]: Not enough free bytes in ring buffer to store incoming audio data. Resetting the ring buffer. Wake word detection accuracy will temporarily be reduced.
[22:03:30.106][W][micro_wake_word:257]: Not enough free bytes in ring buffer to store incoming audio data. Resetting the ring buffer. Wake word detection accuracy will temporarily be reduced.
[22:03:30.396][W][micro_wake_word:257]: Not enough free bytes in ring buffer to store incoming audio data. Resetting the ring buffer. Wake word detection accuracy will temporarily be reduced.
[22:03:30.688][W][micro_wake_word:257]: Not enough free bytes in ring buffer to store incoming audio data. Resetting the ring buffer. Wake word detection accuracy will temporarily be reduced.
[22:03:30.953][W][micro_wake_word:257]: Not enough free bytes in ring buffer to store incoming audio data. Resetting the ring buffer. Wake word detection accuracy will temporarily be reduced.
[22:03:31.250][W][micro_wake_word:257]: Not enough free bytes in ring buffer to store incoming audio data. Resetting the ring buffer. Wake word detection accuracy will temporarily be reduced.
[22:03:31.541][W][micro_wake_word:257]: Not enough free bytes in ring buffer to store incoming audio data. Resetting the ring buffer. Wake word detection accuracy will temporarily be reduced.
[22:03:31.838][W][micro_wake_word:257]: Not enough free bytes in ring buffer to store incoming audio data. Resetting the ring buffer. Wake word detection accuracy will temporarily be reduced.
[22:03:32.117][W][micro_wake_word:257]: Not enough free bytes in ring buffer to store incoming audio data. Resetting the ring buffer. Wake word detection accuracy will temporarily be reduced.
[22:03:32.406][W][micro_wake_word:257]: Not enough free bytes in ring buffer to store incoming audio data. Resetting the ring buffer. Wake word detection accuracy will temporarily be reduced.
[22:03:32.695][W][micro_wake_word:257]: Not enough free bytes in ring buffer to store incoming audio data. Resetting the ring buffer. Wake word detection accuracy will temporarily be reduced.
[22:03:32.984][W][micro_wake_word:257]: Not enough free bytes in ring buffer to store incoming audio data. Resetting the ring buffer. Wake word detection accuracy will temporarily be reduced.
[22:03:33.288][W][micro_wake_word:257]: Not enough free bytes in ring buffer to store incoming audio data. Resetting the ring buffer. Wake word detection accuracy will temporarily be reduced.
[22:03:33.562][W][micro_wake_word:257]: Not enough free bytes in ring buffer to store incoming audio data. Resetting the ring buffer. Wake word detection accuracy will temporarily be reduced.
[22:03:33.851][W][micro_wake_word:257]: Not enough free bytes in ring buffer to store incoming audio data. Resetting the ring buffer. Wake word detection accuracy will temporarily be reduced.
[22:03:34.141][W][micro_wake_word:257]: Not enough free bytes in ring buffer to store incoming audio data. Resetting the ring buffer. Wake word detection accuracy will temporarily be reduced.
[22:03:34.429][W][micro_wake_word:257]: Not enough free bytes in ring buffer to store incoming audio data. Resetting the ring buffer. Wake word detection accuracy will temporarily be reduced.
[22:03:34.718][W][micro_wake_word:257]: Not enough free bytes in ring buffer to store incoming audio data. Resetting the ring buffer. Wake word detection accuracy will temporarily be reduced.
[22:03:35.002][W][micro_wake_word:257]: Not enough free bytes in ring buffer to store incoming audio data. Resetting the ring buffer. Wake word detection accuracy will temporarily be reduced.
[22:03:35.294][W][micro_wake_word:257]: Not enough free bytes in ring buffer to store incoming audio data. Resetting the ring buffer. Wake word detection accuracy will temporarily be reduced.
[22:03:35.574][W][micro_wake_word:257]: Not enough free bytes in ring buffer to store incoming audio data. Resetting the ring buffer. Wake word detection accuracy will temporarily be reduced.
[22:03:35.862][W][micro_wake_word:257]: Not enough free bytes in ring buffer to store incoming audio data. Resetting the ring buffer. Wake word detection accuracy will temporarily be reduced.
[22:03:36.153][W][micro_wake_word:257]: Not enough free bytes in ring buffer to store incoming audio data. Resetting the ring buffer. Wake word detection accuracy will temporarily be reduced.
[22:03:36.441][W][micro_wake_word:257]: Not enough free bytes in ring buffer to store incoming audio data. Resetting the ring buffer. Wake word detection accuracy will temporarily be reduced.
[22:03:36.729][W][micro_wake_word:257]: Not enough free bytes in ring buffer to store incoming audio data. Resetting the ring buffer. Wake word detection accuracy will temporarily be reduced.
[22:03:37.023][W][micro_wake_word:257]: Not enough free bytes in ring buffer to store incoming audio data. Resetting the ring buffer. Wake word detection accuracy will temporarily be reduced.
[22:03:37.307][W][micro_wake_word:257]: Not enough free bytes in ring buffer to store incoming audio data. Resetting the ring buffer. Wake word detection accuracy will temporarily be reduced.
[22:03:37.597][W][micro_wake_word:257]: Not enough free bytes in ring buffer to store incoming audio data. Resetting the ring buffer. Wake word detection accuracy will temporarily be reduced.
[22:03:37.885][W][micro_wake_word:257]: Not enough free bytes in ring buffer to store incoming audio data. Resetting the ring buffer. Wake word detection accuracy will temporarily be reduced.
[22:03:38.192][W][micro_wake_word:257]: Not enough free bytes in ring buffer to store incoming audio data. Resetting the ring buffer. Wake word detection accuracy will temporarily be reduced.
[22:03:38.464][W][micro_wake_word:257]: Not enough free bytes in ring buffer to store incoming audio data. Resetting the ring buffer. Wake word detection accuracy will temporarily be reduced.
[22:03:38.783][W][micro_wake_word:257]: Not enough free bytes in ring buffer to store incoming audio data. Resetting the ring buffer. Wake word detection accuracy will temporarily be reduced.
[22:03:39.005][W][micro_wake_word:257]: Not enough free bytes in ring buffer to store incoming audio data. Resetting the ring buffer. Wake word detection accuracy will temporarily be reduced.
[22:03:39.318][W][micro_wake_word:257]: Not enough free bytes in ring buffer to store incoming audio data. Resetting the ring buffer. Wake word detection accuracy will temporarily be reduced.
[22:03:39.633][W][micro_wake_word:257]: Not enough free bytes in ring buffer to store incoming audio data. Resetting the ring buffer. Wake word detection accuracy will temporarily be reduced.
[22:03:39.896][W][micro_wake_word:257]: Not enough free bytes in ring buffer to store incoming audio data. Resetting the ring buffer. Wake word detection accuracy will temporarily be reduced.
[22:03:40.198][W][micro_wake_word:257]: Not enough free bytes in ring buffer to store incoming audio data. Resetting the ring buffer. Wake word detection accuracy will temporarily be reduced.
[22:03:40.480][W][micro_wake_word:257]: Not enough free bytes in ring buffer to store incoming audio data. Resetting the ring buffer. Wake word detection accuracy will temporarily be reduced.
[22:03:40.764][W][micro_wake_word:257]: Not enough free bytes in ring buffer to store incoming audio data. Resetting the ring buffer. Wake word detection accuracy will temporarily be reduced.
[22:03:41.062][W][micro_wake_word:257]: Not enough free bytes in ring buffer to store incoming audio data. Resetting the ring buffer. Wake word detection accuracy will temporarily be reduced.
[22:03:41.346][W][micro_wake_word:257]: Not enough free bytes in ring buffer to store incoming audio data. Resetting the ring buffer. Wake word detection accuracy will temporarily be reduced.
[22:03:41.633][W][micro_wake_word:257]: Not enough free bytes in ring buffer to store incoming audio data. Resetting the ring buffer. Wake word detection accuracy will temporarily be reduced.
[22:03:41.920][W][micro_wake_word:257]: Not enough free bytes in ring buffer to store incoming audio data. Resetting the ring buffer. Wake word detection accuracy will temporarily be reduced.
[22:03:42.209][W][micro_wake_word:257]: Not enough free bytes in ring buffer to store incoming audio data. Resetting the ring buffer. Wake word detection accuracy will temporarily be reduced.
[22:03:42.498][W][micro_wake_word:257]: Not enough free bytes in ring buffer to store incoming audio data. Resetting the ring buffer. Wake word detection accuracy will temporarily be reduced.
[22:03:42.787][W][micro_wake_word:257]: Not enough free bytes in ring buffer to store incoming audio data. Resetting the ring buffer. Wake word detection accuracy will temporarily be reduced.
[22:03:43.045][W][micro_wake_word:257]: Not enough free bytes in ring buffer to store incoming audio data. Resetting the ring buffer. Wake word detection accuracy will temporarily be reduced.
[22:03:43.353][W][micro_wake_word:257]: Not enough free bytes in ring buffer to store incoming audio data. Resetting the ring buffer. Wake word detection accuracy will temporarily be reduced.
[22:03:43.642][W][micro_wake_word:257]: Not enough free bytes in ring buffer to store incoming audio data. Resetting the ring buffer. Wake word detection accuracy will temporarily be reduced.
[22:03:43.934][W][micro_wake_word:257]: Not enough free bytes in ring buffer to store incoming audio data. Resetting the ring buffer. Wake word detection accuracy will temporarily be reduced.
[22:03:44.220][W][micro_wake_word:257]: Not enough free bytes in ring buffer to store incoming audio data. Resetting the ring buffer. Wake word detection accuracy will temporarily be reduced.
[22:03:44.509][W][micro_wake_word:257]: Not enough free bytes in ring buffer to store incoming audio data. Resetting the ring buffer. Wake word detection accuracy will temporarily be reduced.
[22:03:44.798][W][micro_wake_word:257]: Not enough free bytes in ring buffer to store incoming audio data. Resetting the ring buffer. Wake word detection accuracy will temporarily be reduced.
[22:03:45.087][W][micro_wake_word:257]: Not enough free bytes in ring buffer to store incoming audio data. Resetting the ring buffer. Wake word detection accuracy will temporarily be reduced.
[22:03:45.379][W][micro_wake_word:257]: Not enough free bytes in ring buffer to store incoming audio data. Resetting the ring buffer. Wake word detection accuracy will temporarily be reduced.
[22:03:45.664][W][micro_wake_word:257]: Not enough free bytes in ring buffer to store incoming audio data. Resetting the ring buffer. Wake word detection accuracy will temporarily be reduced.
[22:03:45.975][W][micro_wake_word:257]: Not enough free bytes in ring buffer to store incoming audio data. Resetting the ring buffer. Wake word detection accuracy will temporarily be reduced.
[22:03:46.254][W][micro_wake_word:257]: Not enough free bytes in ring buffer to store incoming audio data. Resetting the ring buffer. Wake word detection accuracy will temporarily be reduced.
[22:03:46.534][W][micro_wake_word:257]: Not enough free bytes in ring buffer to store incoming audio data. Resetting the ring buffer. Wake word detection accuracy will temporarily be reduced.
